ForResolution(Cid(bahxmrg4awahyjjdwdgdicqp443mybqgovke3vzp6pijbgcqkzphqb2uwmm))