ForExecution(Cid(Qmdn6Q8cnDaa4CDXJStGp5jCeisPjZqPfwxDHCiiMLGB87))