Ipc(BottomUpResolve(SignedRelayedMessage { message: RelayedMessage { message: CertifiedMessage { message: BottomUpCheckpoint { subnet_id: SubnetID { root: 516353326254684989, children: [Address { payload: Delegated(DelegatedAddress { namespace: 10, length: 20, buffer: [12, 73, 155, 184, 247, 27, 250, 138, 125, 200, 155, 33, 190, 0, 80, 254, 1, 223, 245, 5, 0, 0, 0, 0, 0, 0, 0, 0, 0, 0, 0, 0, 0, 0, 0, 0, 0, 0, 0, 0, 0, 0, 0, 0, 0, 0, 0, 0, 0, 0, 0, 0, 0, 0] }) }, Address { payload: Delegated(DelegatedAddress { namespace: 10, length: 20, buffer: [3, 231, 88, 0, 203, 190, 164, 53, 50, 204, 15, 139, 247, 106, 47, 81, 194, 59, 125, 10, 0, 0, 0, 0, 0, 0, 0, 0, 0, 0, 0, 0, 0, 0, 0, 0, 0, 0, 0, 0, 0, 0, 0, 0, 0, 0, 0, 0, 0, 0, 0, 0, 0, 0] }) }] }, height: 1427106479, next_validator_set_id: 123064954695359444, bottom_up_messages: Cid(QmZbTTpS83pTiqyaUNTWBZotqDcin9p8j434qRVNQX2Z5r) }, certificate: MultiSig { signatures: [ValidatorSignature { validator: Address { payload: ID(17477890364055814823) }, signature: Signature { sig_type: Secp256k1, bytes: [249, 145, 11, 236] } }] } }, relayer: Address { payload: BLS([7, 79, 119, 254, 51, 84, 251, 219, 196, 216, 70, 0, 114, 1, 56, 97, 52, 204, 161, 231, 144, 125, 133, 1, 2, 56, 198, 251, 103, 236, 235, 104, 122, 211, 1, 117, 135, 170, 13, 157, 177, 112, 192, 98, 0, 137, 117, 47]) }, sequence: 17361536032392676549 }, signature: Signature { sig_type: BLS, bytes: [187, 202, 252, 255, 61, 66] } }))