Genesis { chain_name: "‚Åú}[", timestamp: Timestamp(1323494912820973454), network_version: NetworkVersion(18), base_fee: TokenAmount(0.0), power_scale: -1, validators: [Validator { public_key: ValidatorKey(PublicKey(Affine { x: Field { n: [42185545, 67014493, 20665037, 43499192, 53796128, 8782010, 32854064, 64711026, 47832151, 2277806], magnitude: 1, normalized: true }, y: Field { n: [50194604, 66166678, 29421382, 14350935, 28799841, 10013804, 45061806, 3479053, 50445542, 4175423], magnitude: 1, normalized: true }, infinity: false })), power: Collateral(TokenAmount(1460439040023456716444944525007841984383555345567543432450639561817211874973124.169136667852883477)) }, Validator { public_key: ValidatorKey(PublicKey(Affine { x: Field { n: [22631704, 47637008, 53314745, 19174685, 41848048, 50516798, 39208552, 56577793, 18176107, 1917446], magnitude: 1, normalized: true }, y: Field { n: [22820792, 10070598, 23164333, 51258311, 30747171, 49868232, 38827186, 1032007, 57899990, 1281130], magnitude: 1, normalized: true }, infinity: false })), power: Collateral(TokenAmount(0.0)) }, Validator { public_key: ValidatorKey(PublicKey(Affine { x: Field { n: [3380225, 37113418, 26253234, 3403382, 18861526, 62728948, 38610936, 46038550, 56053963, 3641907], magnitude: 1, normalized: true }, y: Field { n: [15450695, 65004915, 54354507, 58180595, 57043543, 57293095, 4617923, 23718136, 61223256, 3659602], magnitude: 1, normalized: true }, infinity: false })), power: Collateral(TokenAmount(41855804968213567224547853478906320725054875457247406540771499545716837934567817284890561672488119458109166910841919797858872862722356017328064756151166307827869405370407152286801072659946374101387754327965299995582825343310257323003101286587938080417438994406453942914531709933415.969027543949827151)) }, Validator { public_key: ValidatorKey(PublicKey(Affine { x: Field { n: [14832927, 64136626, 35697253, 61119838, 16613652, 16834810, 63535404, 17734941, 55384071, 1012262], magnitude: 1, normalized: true }, y: Field { n: [2257063, 50183122, 29629919, 762538, 14973413, 64244041, 63609018, 14420865, 28289752, 2369026], magnitude: 1, normalized: true }, infinity: false })), power: Collateral(TokenAmount(41855804968213567224547853478906320725054875457247406540771499545716837934567817284890561672488119458109166910841919797858872843521301506264053311403855859911870227893337618606545360227402538680845410392962029518939131572397572249514482207872174473185044566954165585805439416302903.439664477160603648)) }, Validator { public_key: ValidatorKey(PublicKey(Affine { x: Field { n: [32888947, 60110773, 41870426, 24603461, 56043536, 25376579, 60532397, 41363915, 53996079, 1421075], magnitude: 1, normalized: true }, y: Field { n: [54117325, 48941608, 43173944, 35135506, 50526789, 30449820, 55011161, 64917878, 66139355, 1015478], magnitude: 1, normalized: true }, infinity: false })), power: Collateral(TokenAmount(6137099382700248923193599252066570925990.967947296096911359)) }, Validator { public_key: ValidatorKey(PublicKey(Affine { x: Field { n: [44096381, 61346793, 18846523, 45424537, 31912252, 64892793, 4563529, 40851311, 30169796, 1515957], magnitude: 1, normalized: true }, y: Field { n: [58920945, 60474300, 8754747, 23737562, 38947376, 7230978, 14940883, 12183874, 11571801, 1555244], magnitude: 1, normalized: true }, infinity: false })), power: Collateral(TokenAmount(41855804968213567224547853478906320725054875457247406540771499545716837934567817284890561672488119458109166910841919797858872862722356017328064756151166307827869405370407152286801072676024887272960758524035337792904616958075776435777990406039363527010043736240963055342423554029886.70087602246149959)) }, Validator { public_key: ValidatorKey(PublicKey(Affine { x: Field { n: [38893804, 62018923, 4103532, 64691368, 14875453, 42608779, 41877290, 54871955, 52466447, 471665], magnitude: 1, normalized: true }, y: Field { n: [1860159, 6987970, 14393714, 67071906, 6646345, 35387433, 31057317, 50673991, 14924989, 2644105], magnitude: 1, normalized: true }, infinity: false })), power: Collateral(TokenAmount(0.0)) }, Validator { public_key: ValidatorKey(PublicKey(Affine { x: Field { n: [35976858, 47366292, 4855503, 16281616, 47815111, 7076913, 64668509, 25915097, 60074517, 2179607], magnitude: 1, normalized: true }, y: Field { n: [3893177, 10624855, 53587903, 66147045, 59384440, 47915809, 26254562, 35990002, 53246296, 3834256], magnitude: 1, normalized: true }, infinity: false })), power: Collateral(TokenAmount(41855804968213567224547853478906320725054875457247406540771499545716837934567817284890561672488119458109166910841919797858872862722356017328064756151166307827869405370407152286801072676024887272960758524035337792904616958075776435777990406039363527010043736240817226829466774510911.34359866507623568)) }], accounts: [Actor { meta: Account(Account { owner: SignerAddr(Address { payload: Delegated(DelegatedAddress { namespace: 10, length: 20, buffer: [111, 112, 141, 106, 0, 167, 40, 66, 187, 143, 224, 7, 214, 39, 131, 236, 153, 123, 90, 238, 0, 0, 0, 0, 0, 0, 0, 0, 0, 0, 0, 0, 0, 0, 0, 0, 0, 0, 0, 0, 0, 0, 0, 0, 0, 0, 0, 0, 0, 0, 0, 0, 0, 0] }) }) }), balance: TokenAmount(0.0) }, Actor { meta: Account(Account { owner: SignerAddr(Address { payload: Delegated(DelegatedAddress { namespace: 10, length: 20, buffer: [245, 208, 248, 106, 106, 230, 102, 187, 170, 61, 10, 206, 250, 141, 218, 108, 238, 239, 249, 132, 0, 0, 0, 0, 0, 0, 0, 0, 0, 0, 0, 0, 0, 0, 0, 0, 0, 0, 0, 0, 0, 0, 0, 0, 0, 0, 0, 0, 0, 0, 0, 0, 0, 0] }) }) }), balance: TokenAmount(41855804968213567224547853478906320725054875457247406540771499545716837934567817284890561672488119458109166910841919797858872862722356017328064752676030388021674627269397920986464975564469191242445643083313537373888251213847773560322926511171607836577947954137747832152133251839167.203035334085961813) }, Actor { meta: Multisig(Multisig { signers: [SignerAddr(Address { payload: Secp256k1([165, 169, 159, 38, 241, 34, 30, 217, 189, 64, 2, 9, 195, 218, 13, 3, 78, 38, 116, 182]) }), SignerAddr(Address { payload: Secp256k1([225, 75, 31, 97, 243, 177, 250, 203, 117, 14, 117, 140, 173, 18, 254, 237, 219, 210, 223, 62]) }), SignerAddr(Address { payload: Secp256k1([37, 250, 213, 41, 65, 206, 21, 196, 30, 61, 193, 184, 87, 184, 121, 5, 13, 35, 160, 237]) }), SignerAddr(Address { payload: Secp256k1([230, 198, 30, 234, 177, 48, 111, 173, 111, 122, 81, 61, 249, 12, 51, 183, 26, 255, 203, 55]) })], threshold: 3, vesting_duration: 15422590305927913154, vesting_start: 2503651813707792162 }), balance: TokenAmount(41855804968213567224547853478906320725054875457247406540771499545716837934567817284890561672488119458109166910841919797858872862722356017328064756151166307827869405370407152286801072676024887272960758523429015098475138549032083812078227945724813727519991103962671186764571508735253.560472751866046483) }, Actor { meta: Multisig(Multisig { signers: [SignerAddr(Address { payload: Secp256k1([15, 151, 100, 60, 176, 169, 178, 5, 67, 44, 176, 26, 85, 114, 170, 171, 209, 46, 63, 195]) }), SignerAddr(Address { payload: Secp256k1([125, 179, 192, 152, 1, 18, 193, 15, 32, 169, 63, 20, 46, 117, 197, 95, 2, 66, 137, 226]) }), SignerAddr(Address { payload: Secp256k1([163, 104, 212, 58, 60, 156, 242, 50, 211, 101, 179, 85, 23, 1, 61, 154, 178, 246, 162, 245]) })], threshold: 3, vesting_duration: 18446744073709551615, vesting_start: 6803509072012981036 }), balance: TokenAmount(41855804968213567224547853478906320725054875457247406540771499545716837934567817284890561672488119458109166910841919797858872862722356017328064756151166307827869405370407152286801072676024887272960758524035337792904616958075776435777990406035840200308134946247518599602183322749560.799401681789424393) }, Actor { meta: Multisig(Multisig { signers: [SignerAddr(Address { payload: Secp256k1([82, 231, 52, 224, 30, 154, 21, 223, 249, 178, 80, 192, 79, 184, 11, 53, 196, 142, 138, 73]) }), SignerAddr(Address { payload: Secp256k1([52, 213, 219, 102, 63, 55, 75, 18, 192, 92, 217, 126, 88, 43, 84, 117, 85, 241, 28, 239]) }), SignerAddr(Address { payload: Secp256k1([31, 86, 130, 189, 11, 235, 204, 139, 201, 226, 229, 49, 30, 110, 21, 110, 245, 122, 48, 26]) }), SignerAddr(Address { payload: Secp256k1([102, 115, 50, 127, 210, 139, 130, 123, 50, 0, 75, 10, 181, 162, 226, 110, 13, 142, 158, 127]) }), SignerAddr(Address { payload: Secp256k1([68, 240, 184, 184, 216, 45, 211, 178, 188, 216, 106, 80, 181, 4, 45, 227, 215, 165, 36, 36]) })], threshold: 1, vesting_duration: 4124682895417741634, vesting_start: 12763061237577392131 }), balance: TokenAmount(1865305279712895776939005051369775364911971239082771932833583576393506108918080.071530518386049025) }], ipc: Some(IpcParams { gateway: GatewayParams { subnet_id: SubnetID { root: 6351478305077592470, children: [Address { payload: ID(8209214579199283497) }] }, bottom_up_check_period: 8122719929262094065, top_down_check_period: 1859853999826687049, msg_fee: TokenAmount(14.329126378263375593), majority_percentage: 65, min_collateral: TokenAmount(0.000000000000000001) } }) }