{
  "chain_name": "^Â˜M!",
  "timestamp": 4024807955318227253,
  "network_version": 18,
  "base_fee": "5916336262849946765170605137278330574918425666194616789959405430528089540441220573896776077721973026532952233743044",
  "validators": [
    {
      "public_key": "BD3Im00YB0OnR3yXksQDg+j9gRTpJ1eiCyZfSpbI4lUfkJgJr6rYNwLgfKmLr1ElJOR55QLoqpxB3fv270gicKc=",
      "power": 17725430111949631302
    },
    {
      "public_key": "BD3Im00YB0OnR3yXksQDg+j9gRTpJ1eiCyZfSpbI4lUfkJgJr6rYNwLgfKmLr1ElJOR55QLoqpxB3fv270gicKc=",
      "power": 1
    },
    {
      "public_key": "BNbRngmvTwKZb1RpZn17OkJTuR+aURGcHlUAzLi2ylZeAJVZ8tFUtntHWDtoS2p/SPSjjE15CY2dbxc606kl1lQ=",
      "power": 14434590730758431414
    }
  ],
  "accounts": [
    {
      "meta": {
        "Account": {
          "owner": "f3rz3lmaouchkm6o3wuiqsjclpgkivxgybe5wfgwmvrx7vgt5wtg476jib5fy6dbyab6iqpkswhj5z7qp7u45a"
        }
      },
      "balance": "0"
    },
    {
      "meta": {
        "Multisig": {
          "signers": [
            "f410474476643915224463fo2ypxufjsamu56yb5d2nnwkhti6jaah7d7q24ainkjjwp7ybtz2ads3d2wvjo",
            "f012643473654880176368",
            "f376h52auy2dtrqstoc4alijr5jdlrmap6syhvzupbabaewxsc2qsjtwtkahz3gqqbegmthxp74efqa3jccm4q",
            "f415662643756092902851fzq3wsli"
          ],
          "threshold": 4,
          "vesting_duration": 10845801392025548499,
          "vesting_start": 14192652983892898490
        }
      },
      "balance": "41855804968213567224547853478906320725054875457247406540771499545716837934567817284890561672488119458109166910841919797858872862722356017328064756151166307827869404938895459098849491406891848373891549193546244282259457333466915574731002327202044135170567970222038335602851044224516398630275595225520"
    }
  ]
}
