ActorState(Address { payload: ID(6447182068707681890) })