SnapshotManifest { height: 18446744073709551615, size: 18214577898727589243, chunks: 0, state_params: FvmStateParams { state_root: Cid(bae4ojhfaomhkakc6nrurr2ogjbr5bm7uaq), timestamp: Timestamp(14128340202502383573), network_version: NetworkVersion(4294967295), base_fee: TokenAmount(132600381462678671360.880266302272318198), circ_supply: TokenAmount(37920038393388550717.163537017434280846), chain_id: 3791344786822844, power_scale: 0 } }