{
  "validators": [
    {
      "public_key": "BAerNsP+KsLFGfZ/c5XjQHGG577yxvgaGeWTWMXjKpLqG0DwM3+jglDn3yXa/qXPQ+m5jLbgJwCEJRb4Q8qDwkU=",
      "power": 8646130431220045763
    },
    {
      "public_key": "BKXACppvqRSOus2ioPmXlwkeGIr6gTaV/qS4lN66tAX8vZ4cjB+i/vLn9bcwPCiEiZQStVGsSkSduMvETDzoPUc=",
      "power": 11300674018407479417
    }
  ],
  "accounts": [
    {
      "meta": {
        "MultiSig": {
          "signers": [
            "f22pffqysbu2dejerdbywsywdf27ebpyvypcikevi",
            "f2kalackxhqvnggiywetwisjl3ywzab5psp2azf4a"
          ],
          "threshold": 1,
          "vesting_duration": 4140870240110954550,
          "vesting_start": 1
        }
      },
      "balance": "128979643769547211749428284166301797347076131973995140178752850224004368075282645787638164910492665638034846664886119555298309819131042804062871177369547996675240327496476887"
    },
    {
      "meta": {
        "Account": {
          "owner": "f1trqvncb6af5ax74vzlymgirb62oljrve43p26vq"
        }
      },
      "balance": "41855804968213567224547853478906320725054875457247406540771499545716837934567817284890561672488119458109166910841919797858872862722356017328064756151166307827869405370407152286801072676024887272960758524035337792904616958075776435777990406039363527010043736240963055342423554029886027572375890450288"
    },
    {
      "meta": {
        "MultiSig": {
          "signers": [
            "f08167355628998337304",
            "f015081017257323563781",
            "f012786659048187696577",
            "f04402444888488443308"
          ],
          "threshold": 1,
          "vesting_duration": 18336632848931178762,
          "vesting_start": 15520201190607280627
        }
      },
      "balance": "1907869382675578293747827937478546335921807026475169036293864171114098439016338491981048064867001"
    },
    {
      "meta": {
        "Account": {
          "owner": "f414106458122595239798fhq66ecy"
        }
      },
      "balance": "2143777477871443807666842346329014221358400641020563795254986812153375615861"
    },
    {
      "meta": {
        "MultiSig": {
          "signers": [
            "f05326035516752649254",
            "f276llybfrl4aadixhfyp7jzqwtxqpm7j23onrzja"
          ],
          "threshold": 2,
          "vesting_duration": 14397430746983166213,
          "vesting_start": 11851340620163186476
        }
      },
      "balance": "41855804968213567224547853478906320725054875457247406540771499545716837934567817284890561672488119458109166910841919797858872862722356017328064756151166307827869405253609078859274028444974646239416059318979311058728218433992124754357944375283975098521792670707597219767767428386154614219065894523255"
    }
  ]
}