SnapshotManifest { height: 14655179938711989320, size: 2044153389738189292, chunks: 16695089431740269798, state_params: FvmStateParams { state_root: Cid(baeiqmgc5qjm5k2nkhmpqh5tsgtvtcxyiigi77yxhu36em), timestamp: Timestamp(13493131747083288923), network_version: NetworkVersion(4294967295), base_fee: TokenAmount(205217269778705576192.803572215035255677), circ_supply: TokenAmount(192047788801209565328.381819935237182312), chain_id: 265100002107923, power_scale: 3 } }