{
  "height": 14655179938711989320,
  "size": 2044153389738189292,
  "chunks": 16695089431740269798,
  "state_params": {
    "state_root": "baeiqmgc5qjm5k2nkhmpqh5tsgtvtcxyiigi77yxhu36em",
    "timestamp": 13493131747083288923,
    "network_version": 4294967295,
    "base_fee": "205217269778705576192803572215035255677",
    "circ_supply": "192047788801209565328381819935237182312",
    "chain_id": 265100002107923,
    "power_scale": 3
  }
}