SnapshotManifest { block_height: 10814904080515971030, size: 18446744073709551615, chunks: 17928190075325120113, checksum: Hash::Sha256(BBDD5B60E0A90DF40C3E181C2172C7C1855DB9CFD45E312A746954FFC714F89A), state_params: FvmStateParams { state_root: Cid(QmTVaqUKv8J2QXqG31iYqejfyTNYFXTUQiKA9Peogtono1), timestamp: Timestamp(11447610108902356238), network_version: NetworkVersion(4294967295), base_fee: TokenAmount(218858874834320873873.679132775885274942), circ_supply: TokenAmount(261281857523328175788.027999901887875674), chain_id: 3199342527050079, power_scale: -1 }, version: 3686248322 }